                                            cars1 data              19:12 Friday, March 6, 2015   1

                         Obs    make      model     mpg    weight    price

                          1     AMC      Concord     22     2930      4099
                          2     AMC      Pacer       17     3350      4749
                          3     AMC      Spirit      22     2640      3799
                          4     Buick    Century     20     3250      4816
                          5     Buick    Electra     15     4080      7827
                                            cars2 data              19:12 Friday, March 6, 2015   2

                         Obs    make      model     mpg    weight    price

                          1     AMC      Concord     22     2930      4099
                          2     AMC      Pacer       17     3350      4749
                          3     AMC      Spirit      22     2640      3799
                          4     Buick    Century     20     3250      4816
                          5     Buick    Electra     15     4080      7827
                                            cars3 data              19:12 Friday, March 6, 2015   3

                         Obs    make      model     mpg    weight    price

                          1     AMC      Concord     22     2930      4099
                          2     AMC      Pacer       17     3350      4749
                          3     AMC      Spirit      22     2640      3799
                          4     Buick    Century     20     3250      4816
                          5     Buick    Electra     15     4080      7827
